// Jest Snapshot v1, https://goo.gl/fbAQLP

exports[`renders Divider 1`] = `
<div
  className="divider"
>
  <div>
    <div
      className="title"
    >
      Test Divider
    </div>
  </div>
  <div
    className="section"
  />
</div>
`;

exports[`renders Divider with extra 1`] = `
<div
  className="divider"
>
  <div>
    <div
      className="title"
    >
      Test Divider
    </div>
  </div>
  <div
    className="section"
  />
</div>
`;
