// Jest Snapshot v1, https://goo.gl/fbAQLP

exports[`renders Period Header 1`] = `
<div
  className="header"
>
  <div>
    <div
      className="job"
    >
      <span>
        Senior
      </span>
      <span>
        Software Engineer
      </span>
    </div>
    <div
      className="companyName"
    >
      <div>
        test company name
      </div>
    </div>
  </div>
  <div
    className="dividerH"
  />
  <div
    style={
      Object {
        "fontSize": 24,
      }
    }
  >
    <div
      className="filled tag"
    >
      React
    </div>
  </div>
</div>
`;
