// Jest Snapshot v1, https://goo.gl/fbAQLP

exports[`renders Period 1`] = `
<div
  className="periodContainer"
>
  <div
    className="timeline"
  >
    <svg
      height={143}
      width={20}
    >
      <g>
        <rect
          fill="red"
          height="10"
          width={10}
          x={0}
          y={0}
        />
        <rect
          fill="red"
          height="10"
          width={10}
          x={0}
          y={11}
        />
        <rect
          fill="red"
          height="10"
          width={10}
          x={0}
          y={22}
        />
        <rect
          fill="red"
          height="10"
          width={10}
          x={0}
          y={33}
        />
        <rect
          fill="red"
          height="10"
          width={10}
          x={0}
          y={44}
        />
        <rect
          fill="red"
          height="10"
          width={10}
          x={0}
          y={55}
        />
        <rect
          fill="red"
          height="10"
          width={10}
          x={0}
          y={66}
        />
        <rect
          fill="red"
          height="10"
          width={10}
          x={0}
          y={77}
        />
        <rect
          fill="red"
          height="10"
          width={10}
          x={0}
          y={88}
        />
        <rect
          fill="red"
          height="10"
          width={10}
          x={0}
          y={99}
        />
        <rect
          fill="red"
          height="10"
          width={10}
          x={0}
          y={110}
        />
        <rect
          fill="red"
          height="10"
          width={10}
          x={0}
          y={121}
        />
        <rect
          fill="red"
          height="10"
          width={10}
          x={0}
          y={132}
        />
      </g>
    </svg>
  </div>
  <div
    className="content"
  >
    <div
      className="period"
    >
      <div>
        <div
          className="header"
        >
          <div>
            <div
              className="job"
            >
              <span>
                Senior
              </span>
              <span>
                Software Engineer
              </span>
            </div>
            <div
              className="companyName"
            >
              <div>
                test company name
              </div>
            </div>
          </div>
          <div
            className="dividerH"
          />
          <div
            style={
              Object {
                "fontSize": 24,
              }
            }
          >
            <div
              className="filled tag"
            >
              React
            </div>
          </div>
        </div>
      </div>
      <div
        className="time"
      >
        <div
          className="times"
        >
          <span>
            Jan, 2012
          </span>
          <span
            className="divider"
          />
          <span>
            Jan, 2013
          </span>
        </div>
      </div>
    </div>
    <div />
    <div>
      <ul />
    </div>
    <div>
      <ul
        className="achievements"
      />
    </div>
    <div
      className="projects"
    />
  </div>
</div>
`;
