// Jest Snapshot v1, https://goo.gl/fbAQLP

exports[`renders WithPaddingLayout 1`] = `
<div
  style={
    Object {
      "background": "var(--color-white)",
      "borderRadius": "var(--base-border-radius)",
      "margin": "var(--base-layout-padding)",
      "padding": "var(--base-padding)",
    }
  }
>
  Test Content
</div>
`;
