// Jest Snapshot v1, https://goo.gl/fbAQLP

exports[`renders App 1`] = `
<div
  className="main"
>
  <header
    className="header"
  >
    <h1>
      Madison(Zusheng)
       
      Ma
    </h1>
    <div
      className="basicInfo"
    >
      <div
        className="basicInfoItem"
      >
        <div>
          Email:
        </div>
        <div>
          madison.sss.ma@gmail.com
        </div>
      </div>
      <div
        className="basicInfoItem"
      >
        <div>
          Cellphone:
        </div>
        <div>
          +8618510163161
        </div>
      </div>
      <div
        className="basicInfoItem"
      >
        <div>
          Github
          :
        </div>
        <div>
          <a
            href="https://github.com/madison890000"
            target="_blank"
          >
            https://github.com/madison890000
          </a>
        </div>
      </div>
      <div
        className="basicInfoItem"
      >
        <div>
          LinkedIn
          :
        </div>
        <div>
          <a
            href="https://www.linkedin.com/in/madison-ma-800657237/"
            target="_blank"
          >
            https://www.linkedin.com/in/madison-ma-800657237/
          </a>
        </div>
      </div>
    </div>
  </header>
  <div
    className="divider"
  >
    <div
      className="title"
    >
      <div>
        <h3>
          Profile
        </h3>
      </div>
      <div />
    </div>
    <div
      className="section"
    />
  </div>
  <section>
    <div
      className="profile"
    >
      <div
        className="description"
      >
        <div
          className="descriptionItem"
        >
          I have 7 years working experience in IT with solid technical background, proficient in modern JavaScript/TypeScript programming frameworks, tools, and libraries. 
        </div>
        <div
          className="descriptionItem"
        >
          I Have rich development experience both in Front-End and Back-End, including Admin Portal and Customer Portal in E-commerce
System, Web Finance(Invoice) System, Supporting System, SPA, etc.
        </div>
        <div
          className="descriptionItem"
        >
          I am both a good team leader and team member. I am passionate about life, friendly to people, willing to share, and wish to work with colleagues whom want to make the world to be a better place.
        </div>
      </div>
      <div
        className="capability"
      />
    </div>
  </section>
  <div
    className="divider"
  >
    <div
      className="title"
    >
      <div>
        <h3>
          Skills
        </h3>
      </div>
      <div />
    </div>
    <div
      className="section"
    />
  </div>
  <section>
    <div
      className="skills"
    >
      <div
        className="skill"
      >
        <div>
          <div
            className="important"
          >
            React
          </div>
          <div
            className="subTitle"
          >
            5
             
            years
          </div>
        </div>
        <div
          className="level"
        >
          <span />
          <span />
          <span />
          <span />
          <span
            className="empty"
          />
          <div
            className="levelName"
          >
            Proficient
          </div>
        </div>
      </div>
      <div
        className="skill"
      >
        <div>
          <div
            className="important"
          >
            TypeScript
          </div>
          <div
            className="subTitle"
          >
            3
             
            years
          </div>
        </div>
        <div
          className="level"
        >
          <span />
          <span />
          <span />
          <span />
          <span
            className="empty"
          />
          <div
            className="levelName"
          >
            Proficient
          </div>
        </div>
      </div>
      <div
        className="skill"
      >
        <div>
          <div
            className="important"
          >
            JavaScript
          </div>
          <div
            className="subTitle"
          >
            7
             
            years
          </div>
        </div>
        <div
          className="level"
        >
          <span />
          <span />
          <span />
          <span />
          <span
            className="empty"
          />
          <div
            className="levelName"
          >
            Proficient
          </div>
        </div>
      </div>
      <div
        className="skill"
      >
        <div>
          <div
            className="important"
          >
            Redux/MobX
          </div>
          <div
            className="subTitle"
          >
            3
             
            years
          </div>
        </div>
        <div
          className="level"
        >
          <span />
          <span />
          <span />
          <span />
          <span
            className="empty"
          />
          <div
            className="levelName"
          >
            Proficient
          </div>
        </div>
      </div>
      <div
        className="skill"
      >
        <div>
          <div
            className="important"
          >
            HTML & CSS
          </div>
          <div
            className="subTitle"
          >
            6
             
            years
          </div>
        </div>
        <div
          className="level"
        >
          <span />
          <span />
          <span />
          <span />
          <span
            className="empty"
          />
          <div
            className="levelName"
          >
            Proficient
          </div>
        </div>
      </div>
      <div
        className="skill"
      >
        <div>
          <div
            className="important"
          >
            GIT
          </div>
          <div
            className="subTitle"
          >
            6
             
            years
          </div>
        </div>
        <div
          className="level"
        >
          <span />
          <span />
          <span />
          <span />
          <span
            className="empty"
          />
          <div
            className="levelName"
          >
            Proficient
          </div>
        </div>
      </div>
      <div
        className="skill"
      >
        <div>
          <div
            className="important"
          >
            Jest
          </div>
          <div
            className="subTitle"
          >
            3
             
            years
          </div>
        </div>
        <div
          className="level"
        >
          <span />
          <span />
          <span
            className="empty"
          />
          <span
            className="empty"
          />
          <span
            className="empty"
          />
          <div
            className="levelName"
          >
            Familiar
          </div>
        </div>
      </div>
    </div>
  </section>
  <section>
    <div
      className="skills"
    >
      <div
        className="skill"
      >
        <div>
          <div
            className="normal"
          >
            Node
          </div>
          <div
            className="subTitle"
          >
            2
             
            years
          </div>
        </div>
        <div
          className="level"
        >
          <span />
          <span />
          <span
            className="empty"
          />
          <span
            className="empty"
          />
          <span
            className="empty"
          />
          <div
            className="levelName"
          >
            Familiar
          </div>
        </div>
      </div>
      <div
        className="skill"
      >
        <div>
          <div
            className="normal"
          >
            Java
          </div>
          <div
            className="subTitle"
          >
            3
             
            years
          </div>
        </div>
        <div
          className="level"
        >
          <span />
          <span />
          <span
            className="empty"
          />
          <span
            className="empty"
          />
          <span
            className="empty"
          />
          <div
            className="levelName"
          >
            Familiar
          </div>
        </div>
      </div>
      <div
        className="skill"
      >
        <div>
          <div
            className="normal"
          >
            Vue
          </div>
          <div
            className="subTitle"
          >
            1.5
             
            years
          </div>
        </div>
        <div
          className="level"
        >
          <span />
          <span />
          <span />
          <span />
          <span
            className="empty"
          />
          <div
            className="levelName"
          >
            Proficient
          </div>
        </div>
      </div>
      <div
        className="skill"
      >
        <div>
          <div
            className="normal"
          >
            Database/SQL
          </div>
          <div
            className="subTitle"
          >
            2
             
            years
          </div>
        </div>
        <div
          className="level"
        >
          <span />
          <span />
          <span
            className="empty"
          />
          <span
            className="empty"
          />
          <span
            className="empty"
          />
          <div
            className="levelName"
          >
            Familiar
          </div>
        </div>
      </div>
      <div
        className="skill"
      >
        <div>
          <div
            className="normal"
          >
            Electron
          </div>
          <div
            className="subTitle"
          >
            1
             
            years
          </div>
        </div>
        <div
          className="level"
        >
          <span />
          <span />
          <span
            className="empty"
          />
          <span
            className="empty"
          />
          <span
            className="empty"
          />
          <div
            className="levelName"
          >
            Familiar
          </div>
        </div>
      </div>
      <div
        className="skill"
      >
        <div>
          <div
            className="normal"
          >
            Docker
          </div>
          <div
            className="subTitle"
          >
            0.5
             
            years
          </div>
        </div>
        <div
          className="level"
        >
          <span />
          <span
            className="empty"
          />
          <span
            className="empty"
          />
          <span
            className="empty"
          />
          <span
            className="empty"
          />
          <div
            className="levelName"
          >
            Understand
          </div>
        </div>
      </div>
      <div
        className="skill"
      >
        <div>
          <div
            className="normal"
          >
            C#
          </div>
          <div
            className="subTitle"
          >
            0.5
             
            years
          </div>
        </div>
        <div
          className="level"
        >
          <span />
          <span
            className="empty"
          />
          <span
            className="empty"
          />
          <span
            className="empty"
          />
          <span
            className="empty"
          />
          <div
            className="levelName"
          >
            Understand
          </div>
        </div>
      </div>
    </div>
  </section>
  <div
    className="divider"
  >
    <div
      className="title"
    >
      <div>
        <h3>
          Professional Experiences
        </h3>
      </div>
      <div />
    </div>
    <div
      className="section"
    />
  </div>
  <section>
    <div
      className="periodContainer"
    >
      <div
        className="timeline"
      >
        <svg
          height={99}
          width={20}
        >
          <g>
            <rect
              fill="black"
              height="10"
              width={10}
              x={0}
              y={0}
            />
            <rect
              fill="black"
              height="10"
              width={10}
              x={0}
              y={11}
            />
            <rect
              fill="black"
              height="10"
              width={10}
              x={0}
              y={22}
            />
            <rect
              fill="black"
              height="10"
              width={10}
              x={0}
              y={33}
            />
            <rect
              fill="black"
              height="10"
              width={10}
              x={0}
              y={44}
            />
            <rect
              fill="black"
              height="10"
              width={10}
              x={0}
              y={55}
            />
            <rect
              fill="black"
              height="10"
              width={10}
              x={0}
              y={66}
            />
            <rect
              fill="black"
              height="10"
              width={10}
              x={0}
              y={77}
            />
            <rect
              fill="black"
              height="10"
              width={10}
              x={0}
              y={88}
            />
          </g>
        </svg>
      </div>
      <div
        className="content"
      >
        <div
          className="period"
        >
          <div>
            <div
              className="header"
            >
              <span
                className="job"
              >
                <span>
                  Senior
                </span>
                <span>
                  Software Engineer
                </span>
              </span>
              <span>
                <span
                  className="filled"
                >
                  React
                </span>
                <span
                  className="filled"
                >
                  Agile
                </span>
              </span>
              <span
                className="companyName"
              >
                <span>
                  Tesla
                </span>
              </span>
            </div>
          </div>
          <div
            className="time"
          >
            <div
              className="times"
            >
              <span>
                May, 2022
              </span>
              <span>
                -
              </span>
              <span>
                Present
              </span>
            </div>
          </div>
        </div>
        <div>
          <h5>
            Job summaries
            :
          </h5>
          <ul>
            <li>
              Become the core developer in Front-End team.
            </li>
            <li>
              Make the architecture design in Front-End project.
            </li>
            <li>
              Improve the code quality and performance.
            </li>
            <li>
              Improve the FE team efficiency.
            </li>
            <li>
              Communicate with product manager and UI designer to understand project requirements every 2 weeks (one sprint).
            </li>
            <li>
              Provide training and guidance on technical.
            </li>
          </ul>
        </div>
        <div>
          <h5>
            Achievements
            :
          </h5>
          <ul
            className="achievements"
          >
            <li>
              Completed the design and development of common utils and Hooks in React project.
              <span>
                <span
                  className="normal"
                >
                  Engineering
                </span>
              </span>
            </li>
            <li>
              Optimized the Front-End code.
              <span>
                <span
                  className="normal"
                >
                  Performance
                </span>
              </span>
            </li>
            <li>
              Improved the code quality.
              <span>
                <span
                  className="normal"
                >
                  Quality
                </span>
              </span>
            </li>
          </ul>
        </div>
      </div>
    </div>
    <div
      className="periodContainer"
    >
      <div
        className="timeline"
      >
        <svg
          height={363}
          width={20}
        >
          <g>
            <rect
              fill="#1976d2"
              height="10"
              width={10}
              x={0}
              y={0}
            />
            <rect
              fill="#1976d2"
              height="10"
              width={10}
              x={0}
              y={11}
            />
            <rect
              fill="#1976d2"
              height="10"
              width={10}
              x={0}
              y={22}
            />
            <rect
              fill="#1976d2"
              height="10"
              width={10}
              x={0}
              y={33}
            />
            <rect
              fill="#1976d2"
              height="10"
              width={10}
              x={0}
              y={44}
            />
            <rect
              fill="#1976d2"
              height="10"
              width={10}
              x={0}
              y={55}
            />
            <rect
              fill="#1976d2"
              height="10"
              width={10}
              x={0}
              y={66}
            />
            <rect
              fill="#1976d2"
              height="10"
              width={10}
              x={0}
              y={77}
            />
            <rect
              fill="#1976d2"
              height="10"
              width={10}
              x={0}
              y={88}
            />
            <rect
              fill="#1976d2"
              height="10"
              width={10}
              x={0}
              y={99}
            />
            <rect
              fill="#1976d2"
              height="10"
              width={10}
              x={0}
              y={110}
            />
            <rect
              fill="#1976d2"
              height="10"
              width={10}
              x={0}
              y={121}
            />
            <rect
              fill="#1976d2"
              height="10"
              width={10}
              x={0}
              y={132}
            />
            <rect
              fill="#1976d2"
              height="10"
              width={10}
              x={0}
              y={143}
            />
            <rect
              fill="#1976d2"
              height="10"
              width={10}
              x={0}
              y={154}
            />
            <rect
              fill="#1976d2"
              height="10"
              width={10}
              x={0}
              y={165}
            />
            <rect
              fill="#1976d2"
              height="10"
              width={10}
              x={0}
              y={176}
            />
            <rect
              fill="#1976d2"
              height="10"
              width={10}
              x={0}
              y={187}
            />
            <rect
              fill="#1976d2"
              height="10"
              width={10}
              x={0}
              y={198}
            />
            <rect
              fill="#1976d2"
              height="10"
              width={10}
              x={0}
              y={209}
            />
            <rect
              fill="#1976d2"
              height="10"
              width={10}
              x={0}
              y={220}
            />
            <rect
              fill="#1976d2"
              height="10"
              width={10}
              x={0}
              y={231}
            />
            <rect
              fill="#1976d2"
              height="10"
              width={10}
              x={0}
              y={242}
            />
            <rect
              fill="#1976d2"
              height="10"
              width={10}
              x={0}
              y={253}
            />
            <rect
              fill="#1976d2"
              height="10"
              width={10}
              x={0}
              y={264}
            />
            <rect
              fill="#1976d2"
              height="10"
              width={10}
              x={0}
              y={275}
            />
            <rect
              fill="#1976d2"
              height="10"
              width={10}
              x={0}
              y={286}
            />
            <rect
              fill="#1976d2"
              height="10"
              width={10}
              x={0}
              y={297}
            />
            <rect
              fill="#1976d2"
              height="10"
              width={10}
              x={0}
              y={308}
            />
            <rect
              fill="#1976d2"
              height="10"
              width={10}
              x={0}
              y={319}
            />
            <rect
              fill="#1976d2"
              height="10"
              width={10}
              x={0}
              y={330}
            />
            <rect
              fill="#1976d2"
              height="10"
              width={10}
              x={0}
              y={341}
            />
            <rect
              fill="#1976d2"
              height="10"
              width={10}
              x={0}
              y={352}
            />
          </g>
        </svg>
      </div>
      <div
        className="content"
      >
        <div
          className="period"
        >
          <div>
            <div
              className="header"
            >
              <span
                className="job"
              >
                <span>
                  Senior
                </span>
                <span>
                  Software Engineer
                </span>
              </span>
              <span>
                <span
                  className="filled"
                >
                  React
                </span>
                <span
                  className="filled"
                >
                  NextJs
                </span>
                <span
                  className="filled"
                >
                  umi
                </span>
                <span
                  className="filled"
                >
                  TDD
                </span>
                <span
                  className="filled"
                >
                  Agile
                </span>
              </span>
              <span
                className="companyName"
              >
                <span>
                  PCCW GLOBAL
                </span>
              </span>
            </div>
          </div>
          <div
            className="time"
          >
            <div
              className="times"
            >
              <span>
                Sep, 2019
              </span>
              <span>
                -
              </span>
              <span>
                May, 2022
              </span>
            </div>
          </div>
        </div>
        <div>
          <h5>
            Job summaries
            :
          </h5>
          <ul>
            <li>
              Become the core developer in Front-End team.
            </li>
            <li>
              Make the architecture design in Front-End project.
            </li>
            <li>
              Communicate with product manager and UI designer to understand project requirements every week (one sprint),.
            </li>
            <li>
              Conduct functional research and validation based on business requirements, evaluate requirements implementation feasibility and propose solutions.
            </li>
            <li>
              Responsible for task assignment and project requirement explanation to 5 external team members.
            </li>
            <li>
              Provide training and guidance on technical to junior engineer.
            </li>
          </ul>
        </div>
        <div>
          <h5>
            Achievements
            :
          </h5>
          <ul
            className="achievements"
          >
            <li>
              Designed and developed low-code form modules to improve the company's efficiency in custom dynamic form releases.
              <span>
                <span
                  className="normal"
                >
                  low-code
                </span>
              </span>
            </li>
            <li>
              Defined the Best practices in FE project with React and Typescript.
              <span>
                <span
                  className="normal"
                >
                  Architecture
                </span>
              </span>
            </li>
            <li>
              Used Micro Front-End Service to split code and improve the performance in FE.
              <span>
                <span
                  className="normal"
                >
                  Performance
                </span>
                <span
                  className="normal"
                >
                  Engineering
                </span>
              </span>
            </li>
            <li>
              Designed and developed the company's Front-End UI component library.
              <span>
                <span
                  className="normal"
                >
                  UI
                </span>
              </span>
            </li>
            <li>
              Setup the Front-End CI/CD with system Engineers, including the Docker building and the jest process.
              <span>
                <span
                  className="normal"
                >
                  CI/CD
                </span>
                <span
                  className="normal"
                >
                  Engineering
                </span>
              </span>
            </li>
            <li>
              Setup the utils library in FE.
              <span>
                <span
                  className="normal"
                >
                  Engineering
                </span>
              </span>
            </li>
          </ul>
        </div>
      </div>
    </div>
    <div
      className="periodContainer"
    >
      <div
        className="timeline"
      >
        <svg
          height={165}
          width={20}
        >
          <g>
            <rect
              fill="black"
              height="10"
              width={10}
              x={0}
              y={0}
            />
            <rect
              fill="black"
              height="10"
              width={10}
              x={0}
              y={11}
            />
            <rect
              fill="black"
              height="10"
              width={10}
              x={0}
              y={22}
            />
            <rect
              fill="black"
              height="10"
              width={10}
              x={0}
              y={33}
            />
            <rect
              fill="black"
              height="10"
              width={10}
              x={0}
              y={44}
            />
            <rect
              fill="black"
              height="10"
              width={10}
              x={0}
              y={55}
            />
            <rect
              fill="black"
              height="10"
              width={10}
              x={0}
              y={66}
            />
            <rect
              fill="black"
              height="10"
              width={10}
              x={0}
              y={77}
            />
            <rect
              fill="black"
              height="10"
              width={10}
              x={0}
              y={88}
            />
            <rect
              fill="black"
              height="10"
              width={10}
              x={0}
              y={99}
            />
            <rect
              fill="black"
              height="10"
              width={10}
              x={0}
              y={110}
            />
            <rect
              fill="black"
              height="10"
              width={10}
              x={0}
              y={121}
            />
            <rect
              fill="black"
              height="10"
              width={10}
              x={0}
              y={132}
            />
            <rect
              fill="black"
              height="10"
              width={10}
              x={0}
              y={143}
            />
            <rect
              fill="black"
              height="10"
              width={10}
              x={0}
              y={154}
            />
          </g>
        </svg>
      </div>
      <div
        className="content"
      >
        <div
          className="period"
        >
          <div>
            <div
              className="header"
            >
              <span
                className="job"
              >
                <span>
                  Front-End Engineer
                </span>
              </span>
              <span>
                <span
                  className="filled"
                >
                  Vue
                </span>
                <span
                  className="filled"
                >
                  React
                </span>
                <span
                  className="filled"
                >
                  Waterfall
                </span>
              </span>
              <span
                className="companyName"
              >
                <span>
                  Citic Baixin Bank Co. Ltd
                </span>
              </span>
            </div>
          </div>
          <div
            className="time"
          >
            <div
              className="times"
            >
              <span>
                Apr, 2018
              </span>
              <span>
                -
              </span>
              <span>
                Jun, 2019
              </span>
            </div>
          </div>
        </div>
        <div>
          <h5>
            Job summaries
            :
          </h5>
          <ul>
            <li>
              Become the core developer in Front-End team.
            </li>
            <li>
              Communicate with product manager and UI designer partner through meeting to understand project requirements.
            </li>
            <li>
              Responsible for task assignment and project requirement explanation to 5 team members.
            </li>
            <li>
              Provide training and guidance on technical to junior engineer.
            </li>
          </ul>
        </div>
        <div>
          <h5>
            Achievements
            :
          </h5>
          <ul
            className="achievements"
          >
            <li>
              Completed the design and development of company's Front-End UI component library.
              <span>
                <span
                  className="normal"
                >
                  UI
                </span>
              </span>
            </li>
          </ul>
        </div>
      </div>
    </div>
    <div
      className="periodContainer"
    >
      <div
        className="timeline"
      >
        <svg
          height={231}
          width={20}
        >
          <g>
            <rect
              fill="#1976d2"
              height="10"
              width={10}
              x={0}
              y={0}
            />
            <rect
              fill="#1976d2"
              height="10"
              width={10}
              x={0}
              y={11}
            />
            <rect
              fill="#1976d2"
              height="10"
              width={10}
              x={0}
              y={22}
            />
            <rect
              fill="#1976d2"
              height="10"
              width={10}
              x={0}
              y={33}
            />
            <rect
              fill="#1976d2"
              height="10"
              width={10}
              x={0}
              y={44}
            />
            <rect
              fill="#1976d2"
              height="10"
              width={10}
              x={0}
              y={55}
            />
            <rect
              fill="#1976d2"
              height="10"
              width={10}
              x={0}
              y={66}
            />
            <rect
              fill="#1976d2"
              height="10"
              width={10}
              x={0}
              y={77}
            />
            <rect
              fill="#1976d2"
              height="10"
              width={10}
              x={0}
              y={88}
            />
            <rect
              fill="#1976d2"
              height="10"
              width={10}
              x={0}
              y={99}
            />
            <rect
              fill="#1976d2"
              height="10"
              width={10}
              x={0}
              y={110}
            />
            <rect
              fill="#1976d2"
              height="10"
              width={10}
              x={0}
              y={121}
            />
            <rect
              fill="#1976d2"
              height="10"
              width={10}
              x={0}
              y={132}
            />
            <rect
              fill="#1976d2"
              height="10"
              width={10}
              x={0}
              y={143}
            />
            <rect
              fill="#1976d2"
              height="10"
              width={10}
              x={0}
              y={154}
            />
            <rect
              fill="#1976d2"
              height="10"
              width={10}
              x={0}
              y={165}
            />
            <rect
              fill="#1976d2"
              height="10"
              width={10}
              x={0}
              y={176}
            />
            <rect
              fill="#1976d2"
              height="10"
              width={10}
              x={0}
              y={187}
            />
            <rect
              fill="#1976d2"
              height="10"
              width={10}
              x={0}
              y={198}
            />
            <rect
              fill="#1976d2"
              height="10"
              width={10}
              x={0}
              y={209}
            />
            <rect
              fill="#1976d2"
              height="10"
              width={10}
              x={0}
              y={220}
            />
          </g>
        </svg>
      </div>
      <div
        className="content"
      >
        <div
          className="period"
        >
          <div>
            <div
              className="header"
            >
              <span
                className="job"
              >
                <span>
                  Software Engineer
                </span>
              </span>
              <span>
                <span
                  className="filled"
                >
                  Java
                </span>
                <span
                  className="filled"
                >
                  jQuery
                </span>
                <span
                  className="filled"
                >
                  React
                </span>
                <span
                  className="filled"
                >
                  Waterfall
                </span>
              </span>
              <span
                className="companyName"
              >
                <span>
                  Yinyuan Asia-pacific Technology Co. Ltd 
                </span>
              </span>
            </div>
          </div>
          <div
            className="time"
          >
            <div
              className="times"
            >
              <span>
                Jul, 2016
              </span>
              <span>
                -
              </span>
              <span>
                Mar, 2018
              </span>
            </div>
          </div>
        </div>
        <div>
          <h5>
            Job summaries
            :
          </h5>
          <ul>
            <li>
              Participate in the design and development of all projects .
            </li>
            <li>
              Responsible for the release quality of all system.
            </li>
            <li>
              Responsible for team's recruitment, technical training(ES6), etc.
            </li>
            <li>
              Take charge of annual feature planning and appraise performance of each team member.
            </li>
          </ul>
        </div>
        <div>
          <h5>
            Achievements
            :
          </h5>
          <ul
            className="achievements"
          >
            <li>
              Used different technologies to start new project, like React, React-Native, Vue.
              <span>
                <span
                  className="normal"
                >
                  FE
                </span>
              </span>
            </li>
            <li>
              Used shell scripts to improve the development efficiency of CRUD classes.
              <span>
                <span
                  className="normal"
                >
                  Java
                </span>
              </span>
            </li>
            <li>
              Completed the design and development of the company's Front-End UI component library.
              <span>
                <span
                  className="normal"
                >
                  UI
                </span>
              </span>
            </li>
          </ul>
        </div>
      </div>
    </div>
    <div
      className="periodContainer"
    >
      <div
        className="timeline"
      >
        <svg
          height={143}
          width={20}
        >
          <g>
            <rect
              fill="black"
              height="10"
              width={10}
              x={0}
              y={0}
            />
            <rect
              fill="black"
              height="10"
              width={10}
              x={0}
              y={11}
            />
            <rect
              fill="black"
              height="10"
              width={10}
              x={0}
              y={22}
            />
            <rect
              fill="black"
              height="10"
              width={10}
              x={0}
              y={33}
            />
            <rect
              fill="black"
              height="10"
              width={10}
              x={0}
              y={44}
            />
            <rect
              fill="black"
              height="10"
              width={10}
              x={0}
              y={55}
            />
            <rect
              fill="black"
              height="10"
              width={10}
              x={0}
              y={66}
            />
            <rect
              fill="black"
              height="10"
              width={10}
              x={0}
              y={77}
            />
            <rect
              fill="black"
              height="10"
              width={10}
              x={0}
              y={88}
            />
            <rect
              fill="black"
              height="10"
              width={10}
              x={0}
              y={99}
            />
            <rect
              fill="black"
              height="10"
              width={10}
              x={0}
              y={110}
            />
            <rect
              fill="black"
              height="10"
              width={10}
              x={0}
              y={121}
            />
            <rect
              fill="black"
              height="10"
              width={10}
              x={0}
              y={132}
            />
          </g>
        </svg>
      </div>
      <div
        className="content"
      >
        <div
          className="period"
        >
          <div>
            <div
              className="header"
            >
              <span
                className="job"
              >
                <span>
                  Software Engineer
                </span>
              </span>
              <span>
                <span
                  className="filled"
                >
                  Java
                </span>
                <span
                  className="filled"
                >
                  jQuery
                </span>
                <span
                  className="filled"
                >
                  Waterfall
                </span>
              </span>
              <span
                className="companyName"
              >
                <span>
                  Taiji Computer Corporation. Ltd
                </span>
              </span>
            </div>
          </div>
          <div
            className="time"
          >
            <div
              className="times"
            >
              <span>
                Jul, 2015
              </span>
              <span>
                -
              </span>
              <span>
                Jul, 2016
              </span>
            </div>
          </div>
        </div>
        <div>
          <h5>
            Job summaries
            :
          </h5>
          <ul>
            <li>
              Use Java to develop system on schedule.
            </li>
            <li>
              Participate in the design and development of one economic-data-report project.
            </li>
          </ul>
        </div>
        <div>
          <h5>
            Achievements
            :
          </h5>
          <ul
            className="achievements"
          >
            <li>
              Used Spring-boot and Kendo-UI to build the the basic configuration of common project.
              <span>
                <span
                  className="normal"
                >
                  Java
                </span>
              </span>
            </li>
            <li>
              Abstracted 10+ components to unify UI style, including table, form input, file upload, etc.
              <span>
                <span
                  className="normal"
                >
                  UI
                </span>
              </span>
            </li>
          </ul>
        </div>
      </div>
    </div>
  </section>
  <div
    className="divider"
  >
    <div
      className="title"
    >
      <div>
        <h3>
          Education Experiences
        </h3>
      </div>
      <div />
    </div>
    <div
      className="section"
    />
  </div>
  <section>
    <div
      className="education"
    >
      <div>
        <span>
          China Agricultural University
        </span>
      </div>
      <div>
        <span>
          Resources and Environment
        </span>
        <span
          className="major"
        >
          (
          BACHELOR
          )
        </span>
      </div>
      <div
        className="times"
      >
        <span>
          Sep, 2008
        </span>
        <span>
          -
        </span>
        <span>
          Jul, 2012
        </span>
      </div>
    </div>
    <div
      className="education"
    >
      <div>
        <span>
          China Agricultural University
        </span>
      </div>
      <div>
        <span>
          Land Utilization and Information Technology
        </span>
        <span
          className="major"
        >
          (
          MASTER
          )
        </span>
      </div>
      <div
        className="times"
      >
        <span>
          Sep, 2012
        </span>
        <span>
          -
        </span>
        <span>
          Jul, 2015
        </span>
      </div>
    </div>
  </section>
</div>
`;
