// Jest Snapshot v1, https://goo.gl/fbAQLP

exports[`renders App 1`] = `
<div
  className="main"
>
  <header
    className="header"
  >
    <h1>
      Madison(Zusheng)
       
      Ma
    </h1>
    <div
      className="basicInfo"
    >
      <div
        className="basicInfoItem"
      >
        <div>
          Looking For:
        </div>
        <div>
          Front End
        </div>
      </div>
      <div
        className="basicInfoItem"
      >
        <div>
          Email:
        </div>
        <div>
          madison.sss.ma@gmail.com
        </div>
      </div>
      <div
        className="basicInfoItem"
      >
        <div>
          Mobile:
        </div>
        <div>
          +64 027 229 1141
        </div>
      </div>
      <div
        className="basicInfoItem"
      >
        <div>
          Location:
        </div>
        <div>
          Auckland City, New Zealand
        </div>
      </div>
      <div
        className="links"
      >
        <div>
          <a
            href="https://github.com/madison890000"
            target="_blank"
          >
            Github
          </a>
        </div>
        <div>
          <a
            href="https://www.linkedin.com/in/madison-ma-800657237/"
            target="_blank"
          >
            LinkedIn
          </a>
        </div>
      </div>
    </div>
  </header>
  <div
    className="divider"
  >
    <div>
      <div
        className="title"
      >
        Profile
      </div>
    </div>
    <div
      className="section"
    />
  </div>
  <section>
    <div
      className="profile"
    >
      <div
        className="description"
      >
        <div
          className="descriptionItem"
        >
          I have accumulated 8 years of experience working in the IT industry, building a strong technical foundation. I possess extensive knowledge and skill in modern JavaScript and TypeScript programming frameworks, tools, and libraries.
        </div>
        <div
          className="descriptionItem"
        >
          I have a wealth of experience in both front-end and back-end development. Specifically, I have worked on projects involving the development of admin portals and customer portals in an e-commerce system, web-based finance systems (such as invoicing systems), supporting systems, single-page applications (SPAs), and more.
        </div>
        <div
          className="descriptionItem"
        >
          I have expertise in both team leadership and working collaboratively as a team member, allowing me to excel in both roles.I am passionate about life and approachable, fostering friendly and positive relationships with people. I am always willing to share my knowledge and experiences with others, and I strive to work with colleagues who share a common goal of making the world a better place.
        </div>
      </div>
    </div>
  </section>
  <div
    className="divider"
  >
    <div>
      <div
        className="title"
      >
        Skills
      </div>
    </div>
    <div
      className="section"
    />
  </div>
  <section>
    <div
      className="skills"
    >
      <div
        className="skill"
      >
        <div>
          <div
            className="important"
          >
            React
          </div>
          <div
            className="subTitle"
          >
            6
             
            years
          </div>
        </div>
        <div
          className="level"
        >
          <span />
          <span />
          <span />
          <span />
          <span />
          <div
            className="levelName"
          >
            Proficient
          </div>
        </div>
      </div>
      <div
        className="skill"
      >
        <div>
          <div
            className="important"
          >
            TypeScript
          </div>
          <div
            className="subTitle"
          >
            4
             
            years
          </div>
        </div>
        <div
          className="level"
        >
          <span />
          <span />
          <span />
          <span />
          <span />
          <div
            className="levelName"
          >
            Proficient
          </div>
        </div>
      </div>
      <div
        className="skill"
      >
        <div>
          <div
            className="important"
          >
            JavaScript
          </div>
          <div
            className="subTitle"
          >
            8
             
            years
          </div>
        </div>
        <div
          className="level"
        >
          <span />
          <span />
          <span />
          <span />
          <span />
          <div
            className="levelName"
          >
            Proficient
          </div>
        </div>
      </div>
      <div
        className="skill"
      >
        <div>
          <div
            className="important"
          >
            Redux/MobX
          </div>
          <div
            className="subTitle"
          >
            4
             
            years
          </div>
        </div>
        <div
          className="level"
        >
          <span />
          <span />
          <span />
          <span />
          <span />
          <div
            className="levelName"
          >
            Proficient
          </div>
        </div>
      </div>
      <div
        className="skill"
      >
        <div>
          <div
            className="important"
          >
            HTML & CSS
          </div>
          <div
            className="subTitle"
          >
            8
             
            years
          </div>
        </div>
        <div
          className="level"
        >
          <span />
          <span />
          <span />
          <span />
          <span />
          <div
            className="levelName"
          >
            Proficient
          </div>
        </div>
      </div>
      <div
        className="skill"
      >
        <div>
          <div
            className="important"
          >
            GIT
          </div>
          <div
            className="subTitle"
          >
            8
             
            years
          </div>
        </div>
        <div
          className="level"
        >
          <span />
          <span />
          <span />
          <span />
          <span />
          <div
            className="levelName"
          >
            Proficient
          </div>
        </div>
      </div>
      <div
        className="skill"
      >
        <div>
          <div
            className="important"
          >
            Jest
          </div>
          <div
            className="subTitle"
          >
            4
             
            years
          </div>
        </div>
        <div
          className="level"
        >
          <span />
          <span />
          <span />
          <span />
          <span />
          <div
            className="levelName"
          >
            Proficient
          </div>
        </div>
      </div>
    </div>
  </section>
  <div
    className="sectionDash"
  />
  <section>
    <div
      className="skills"
    >
      <div
        className="skill"
      >
        <div>
          <div
            className="normal"
          >
            Node
          </div>
          <div
            className="subTitle"
          >
            2
             
            years
          </div>
        </div>
        <div
          className="level"
        >
          <span />
          <span />
          <span />
          <span
            className="empty"
          />
          <span
            className="empty"
          />
          <div
            className="levelName"
          >
            Familiar
          </div>
        </div>
      </div>
      <div
        className="skill"
      >
        <div>
          <div
            className="normal"
          >
            Java
          </div>
          <div
            className="subTitle"
          >
            3
             
            years
          </div>
        </div>
        <div
          className="level"
        >
          <span />
          <span />
          <span />
          <span
            className="empty"
          />
          <span
            className="empty"
          />
          <div
            className="levelName"
          >
            Familiar
          </div>
        </div>
      </div>
      <div
        className="skill"
      >
        <div>
          <div
            className="normal"
          >
            Vue
          </div>
          <div
            className="subTitle"
          >
            1.5
             
            years
          </div>
        </div>
        <div
          className="level"
        >
          <span />
          <span />
          <span />
          <span />
          <span />
          <div
            className="levelName"
          >
            Proficient
          </div>
        </div>
      </div>
      <div
        className="skill"
      >
        <div>
          <div
            className="normal"
          >
            Database/SQL
          </div>
          <div
            className="subTitle"
          >
            2
             
            years
          </div>
        </div>
        <div
          className="level"
        >
          <span />
          <span />
          <span />
          <span
            className="empty"
          />
          <span
            className="empty"
          />
          <div
            className="levelName"
          >
            Familiar
          </div>
        </div>
      </div>
      <div
        className="skill"
      >
        <div>
          <div
            className="normal"
          >
            Electron
          </div>
          <div
            className="subTitle"
          >
            1
             
            years
          </div>
        </div>
        <div
          className="level"
        >
          <span />
          <span />
          <span />
          <span
            className="empty"
          />
          <span
            className="empty"
          />
          <div
            className="levelName"
          >
            Familiar
          </div>
        </div>
      </div>
      <div
        className="skill"
      >
        <div>
          <div
            className="normal"
          >
            Docker
          </div>
          <div
            className="subTitle"
          >
            0.5
             
            years
          </div>
        </div>
        <div
          className="level"
        >
          <span />
          <span
            className="empty"
          />
          <span
            className="empty"
          />
          <span
            className="empty"
          />
          <span
            className="empty"
          />
          <div
            className="levelName"
          >
            Understand
          </div>
        </div>
      </div>
      <div
        className="skill"
      >
        <div>
          <div
            className="normal"
          >
            C#
          </div>
          <div
            className="subTitle"
          >
            0.5
             
            years
          </div>
        </div>
        <div
          className="level"
        >
          <span />
          <span
            className="empty"
          />
          <span
            className="empty"
          />
          <span
            className="empty"
          />
          <span
            className="empty"
          />
          <div
            className="levelName"
          >
            Understand
          </div>
        </div>
      </div>
    </div>
  </section>
  <div
    className="divider"
  >
    <div>
      <div
        className="title"
      >
        Professional Experiences
      </div>
    </div>
    <div
      className="section"
    />
  </div>
  <section>
    <div
      className="periodContainer"
    >
      <div
        className="timeline"
      >
        <svg
          height={154}
          width={20}
        >
          <g>
            <rect
              fill="black"
              height="10"
              width={10}
              x={0}
              y={0}
            />
            <rect
              fill="black"
              height="10"
              width={10}
              x={0}
              y={11}
            />
            <rect
              fill="black"
              height="10"
              width={10}
              x={0}
              y={22}
            />
            <rect
              fill="black"
              height="10"
              width={10}
              x={0}
              y={33}
            />
            <rect
              fill="black"
              height="10"
              width={10}
              x={0}
              y={44}
            />
            <rect
              fill="black"
              height="10"
              width={10}
              x={0}
              y={55}
            />
            <rect
              fill="black"
              height="10"
              width={10}
              x={0}
              y={66}
            />
            <rect
              fill="black"
              height="10"
              width={10}
              x={0}
              y={77}
            />
            <rect
              fill="black"
              height="10"
              width={10}
              x={0}
              y={88}
            />
            <rect
              fill="black"
              height="10"
              width={10}
              x={0}
              y={99}
            />
            <rect
              fill="black"
              height="10"
              width={10}
              x={0}
              y={110}
            />
            <rect
              fill="black"
              height="10"
              width={10}
              x={0}
              y={121}
            />
            <rect
              fill="black"
              height="10"
              width={10}
              x={0}
              y={132}
            />
            <rect
              fill="black"
              height="10"
              width={10}
              x={0}
              y={143}
            />
          </g>
        </svg>
      </div>
      <div
        className="content"
      >
        <div
          className="period"
        >
          <div>
            <div
              className="header"
            >
              <div>
                <div
                  className="job"
                >
                  <span>
                    Senior
                  </span>
                  <span>
                    Front-End Engineer
                  </span>
                </div>
                <div
                  className="companyName"
                >
                  <div>
                    Tesla
                  </div>
                </div>
              </div>
              <div
                className="dividerH"
              />
              <div
                style={
                  Object {
                    "fontSize": 24,
                  }
                }
              >
                <div
                  className="filled tag"
                >
                  Motor
                </div>
                <div
                  className="filled tag"
                >
                  Agile
                </div>
                <div
                  className="filled tag"
                >
                  JIRA
                </div>
              </div>
            </div>
          </div>
          <div
            className="time"
          >
            <div
              className="times"
            >
              <span>
                May, 2022
              </span>
              <span
                className="divider"
              />
              <span>
                Jun, 2023
              </span>
            </div>
          </div>
        </div>
        <div>
          <div
            className="descriptionItem"
          >
            At Tesla, my main responsibility is to ensure the smooth and continuous development of two web projects. This entails upgrading the existing architecture and incorporating special business components into Tesla's UI specifically for the Chinese market.
          </div>
        </div>
        <div>
          <ul>
            <li
              style={
                Object {
                  "fontSize": "var(--base-font-size-large-2)",
                  "marginRight": "2%",
                }
              }
            >
              Core developer in Front-End team.
            </li>
            <li
              style={
                Object {
                  "fontSize": "var(--base-font-size-large-2)",
                  "marginRight": "2%",
                }
              }
            >
              Improve the code quality and performance.
            </li>
            <li
              style={
                Object {
                  "fontSize": "var(--base-font-size-large-2)",
                  "marginRight": "2%",
                }
              }
            >
              Provide training and guidance on technical.
            </li>
          </ul>
        </div>
        <div>
          <ul
            className="achievements"
          />
        </div>
        <div
          className="projects"
        >
          <div
            className="container"
          >
            <div
              className="content"
            >
              <div>
                <span
                  className="name"
                >
                  Customer Portal
                </span>
                <span
                  style={
                    Object {
                      "fontSize": 22,
                      "marginLeft": 10,
                    }
                  }
                >
                  <div
                    className="filled tag"
                  >
                    React
                  </div>
                  <div
                    className="filled tag"
                  >
                    Mobile Web
                  </div>
                  <div
                    className="filled tag"
                  >
                    Survey
                  </div>
                </span>
              </div>
              <div>
                <div
                  className="times"
                >
                  <span>
                    15
                     Months
                  </span>
                </div>
              </div>
            </div>
            <div
              className="descriptions"
            >
              <div>
                This is Tesla's client-side web application for potential and existing customers in China. It mainly includes questionnaires, surveys, article recommendations, and account management. The project has been running for about 2 years before I joined, during which some known and unresolved issues have been identified.
              </div>
            </div>
            <div>
              <ul>
                <li
                  style={
                    Object {
                      "fontSize": 16,
                    }
                  }
                >
                  <div>
                    <span
                      style={
                        Object {
                          "fontWeight": "bold",
                        }
                      }
                    >
                      The UI and form library versions used in this project are outdated, which means they contain unfixed bugs. It is necessary to upgrade them, but we are concerned about the possibility of introducing new bugs to the live system during the process.
                    </span>
                  </div>
                  <div
                    style={Object {}}
                  >
                    <span>
                      We spent a week unifying the import methods for the UI and form libraries (from various sources to one file). We also manually resolved compatibility issues with the upgraded version, functioning as an adapter, in order to minimize the occurrence of destructive bugs.
                    </span>
                  </div>
                </li>
                <li
                  style={
                    Object {
                      "fontSize": 16,
                    }
                  }
                >
                  <div>
                    <span
                      style={
                        Object {
                          "fontWeight": "bold",
                        }
                      }
                    >
                      In the early days of the project, we used a full-featured (but heavy) front-end architecture. However, it proved to be restrictive and lacking in scalability. As a result, we faced challenges in upgrading versions of react, react router, and other dependencies.
                    </span>
                  </div>
                  <div
                    style={Object {}}
                  >
                    <span>
                      We rewrote the webpack configuration file, completely abandoning the original front-end framework within 2 weeks. We identified alternatives for inapplicable modules and successfully upgraded react 18 and react router v6. Now, we have full control over the entire configuration.
                    </span>
                  </div>
                </li>
                <li
                  style={
                    Object {
                      "fontSize": 16,
                    }
                  }
                >
                  <div>
                    <span
                      style={
                        Object {
                          "fontWeight": "bold",
                        }
                      }
                    >
                      The code quality of the project is difficult to assess, and there is currently no automated inspection process in place. As a consequence, many of our online bugs depend on user feedback and are not discovered in a timely and proactive manner.
                    </span>
                  </div>
                  <div
                    style={Object {}}
                  >
                    <span>
                      I integrated Sentry and SonarQube into the project's stage environment. Sentry helps us identify known errors in the project before users and QA colleagues encounter them. SonarQube helps us identify potential oversights and code irregularities prior to merging the code.
                    </span>
                  </div>
                </li>
              </ul>
            </div>
            <div>
              <div
                style={
                  Object {
                    "fontSize": "var(--base-font-size-middle)",
                    "fontWeight": "bold",
                  }
                }
              >
                Achievements
                :
              </div>
              <ul
                style={
                  Object {
                    "fontSize": "var(--base-font-size-middle)",
                  }
                }
              >
                <li>
                  Optimized the Front-End code.
                  <span>
                    <div
                      className="normal tag"
                    >
                      Performance
                    </div>
                  </span>
                </li>
                <li>
                  Completed the design and development of common utils and Hooks in React project.
                  <span>
                    <div
                      className="normal tag"
                    >
                      Engineering
                    </div>
                  </span>
                </li>
                <li>
                  Improved test code coverage.
                  <span>
                    <div
                      className="normal tag"
                    >
                      Unit tests
                    </div>
                  </span>
                </li>
              </ul>
            </div>
          </div>
          <div
            className="container"
          >
            <div
              className="content"
            >
              <div>
                <span
                  className="name"
                >
                  Admin Portal
                </span>
                <span
                  style={
                    Object {
                      "fontSize": 22,
                      "marginLeft": 10,
                    }
                  }
                >
                  <div
                    className="filled tag"
                  >
                    React
                  </div>
                </span>
              </div>
              <div>
                <div
                  className="times"
                >
                  <span>
                    15
                     Months
                  </span>
                </div>
              </div>
            </div>
            <div
              className="descriptions"
            >
              <div>
                This is the administrative management portal corresponding to the customer portal. It is a system built for Tesla's operators to manage related forms, articles, and push notifications on a daily basis. 
              </div>
              <div>
                 I joined the project after it had been running for about 2 years, during which some known and unresolved issues have been identified.
              </div>
            </div>
            <div>
              <ul>
                <li
                  style={
                    Object {
                      "fontSize": 16,
                    }
                  }
                >
                  <div>
                    <span
                      style={
                        Object {
                          "fontWeight": "bold",
                        }
                      }
                    >
                      Most of the data on the admin side has a strong structure type. Although we use typescript to help us correct the wrong type during development, it still cannot guarantee the standardization of the back-end data.
                    </span>
                  </div>
                  <div
                    style={Object {}}
                  >
                    <span>
                      We created and improved the definition of data models, and performed default assignment and type checking during initialization to ensure that the data in the entire life cycle conforms to the type definition from the source of the data, reducing abnormal problems caused by data.
                    </span>
                  </div>
                </li>
                <li
                  style={
                    Object {
                      "fontSize": 16,
                    }
                  }
                >
                  <div>
                    <span
                      style={
                        Object {
                          "fontWeight": "bold",
                        }
                      }
                    >
                      The current questionnaire editing function has performance problems when the data length is too large.
                    </span>
                  </div>
                  <div
                    style={Object {}}
                  >
                    <span>
                      I spent 2 weeks refactoring the entire survey editing module, improving the way data is updated, optimizing the update range of React Context, and using react memo to reduce unnecessary rendering as much as possible.
                    </span>
                  </div>
                </li>
              </ul>
            </div>
          </div>
        </div>
      </div>
    </div>
    <div
      className="periodContainer"
    >
      <div
        className="timeline"
      >
        <svg
          height={363}
          width={20}
        >
          <g>
            <rect
              fill="#1976d2"
              height="10"
              width={10}
              x={0}
              y={0}
            />
            <rect
              fill="#1976d2"
              height="10"
              width={10}
              x={0}
              y={11}
            />
            <rect
              fill="#1976d2"
              height="10"
              width={10}
              x={0}
              y={22}
            />
            <rect
              fill="#1976d2"
              height="10"
              width={10}
              x={0}
              y={33}
            />
            <rect
              fill="#1976d2"
              height="10"
              width={10}
              x={0}
              y={44}
            />
            <rect
              fill="#1976d2"
              height="10"
              width={10}
              x={0}
              y={55}
            />
            <rect
              fill="#1976d2"
              height="10"
              width={10}
              x={0}
              y={66}
            />
            <rect
              fill="#1976d2"
              height="10"
              width={10}
              x={0}
              y={77}
            />
            <rect
              fill="#1976d2"
              height="10"
              width={10}
              x={0}
              y={88}
            />
            <rect
              fill="#1976d2"
              height="10"
              width={10}
              x={0}
              y={99}
            />
            <rect
              fill="#1976d2"
              height="10"
              width={10}
              x={0}
              y={110}
            />
            <rect
              fill="#1976d2"
              height="10"
              width={10}
              x={0}
              y={121}
            />
            <rect
              fill="#1976d2"
              height="10"
              width={10}
              x={0}
              y={132}
            />
            <rect
              fill="#1976d2"
              height="10"
              width={10}
              x={0}
              y={143}
            />
            <rect
              fill="#1976d2"
              height="10"
              width={10}
              x={0}
              y={154}
            />
            <rect
              fill="#1976d2"
              height="10"
              width={10}
              x={0}
              y={165}
            />
            <rect
              fill="#1976d2"
              height="10"
              width={10}
              x={0}
              y={176}
            />
            <rect
              fill="#1976d2"
              height="10"
              width={10}
              x={0}
              y={187}
            />
            <rect
              fill="#1976d2"
              height="10"
              width={10}
              x={0}
              y={198}
            />
            <rect
              fill="#1976d2"
              height="10"
              width={10}
              x={0}
              y={209}
            />
            <rect
              fill="#1976d2"
              height="10"
              width={10}
              x={0}
              y={220}
            />
            <rect
              fill="#1976d2"
              height="10"
              width={10}
              x={0}
              y={231}
            />
            <rect
              fill="#1976d2"
              height="10"
              width={10}
              x={0}
              y={242}
            />
            <rect
              fill="#1976d2"
              height="10"
              width={10}
              x={0}
              y={253}
            />
            <rect
              fill="#1976d2"
              height="10"
              width={10}
              x={0}
              y={264}
            />
            <rect
              fill="#1976d2"
              height="10"
              width={10}
              x={0}
              y={275}
            />
            <rect
              fill="#1976d2"
              height="10"
              width={10}
              x={0}
              y={286}
            />
            <rect
              fill="#1976d2"
              height="10"
              width={10}
              x={0}
              y={297}
            />
            <rect
              fill="#1976d2"
              height="10"
              width={10}
              x={0}
              y={308}
            />
            <rect
              fill="#1976d2"
              height="10"
              width={10}
              x={0}
              y={319}
            />
            <rect
              fill="#1976d2"
              height="10"
              width={10}
              x={0}
              y={330}
            />
            <rect
              fill="#1976d2"
              height="10"
              width={10}
              x={0}
              y={341}
            />
            <rect
              fill="#1976d2"
              height="10"
              width={10}
              x={0}
              y={352}
            />
          </g>
        </svg>
      </div>
      <div
        className="content"
      >
        <div
          className="period"
        >
          <div>
            <div
              className="header"
            >
              <div>
                <div
                  className="job"
                >
                  <span>
                    Senior
                  </span>
                  <span>
                    Front-End Engineer
                  </span>
                </div>
                <div
                  className="companyName"
                >
                  <div>
                    PCCW GLOBAL
                  </div>
                </div>
              </div>
              <div
                className="dividerH"
              />
              <div
                style={
                  Object {
                    "fontSize": 24,
                  }
                }
              >
                <div
                  className="filled tag"
                >
                  Telecommunications
                </div>
                <div
                  className="filled tag"
                >
                  Agile
                </div>
                <div
                  className="filled tag"
                >
                  JIRA
                </div>
              </div>
            </div>
          </div>
          <div
            className="time"
          >
            <div
              className="times"
            >
              <span>
                Sep, 2019
              </span>
              <span
                className="divider"
              />
              <span>
                May, 2022
              </span>
            </div>
          </div>
        </div>
        <div>
          <div
            className="descriptionItem"
          >
            My main job at PCCW Global is to build two web applications: the admin portal and the customer portal. I also integrate some MVP features into these portals and hand them over to the market for verification.
          </div>
        </div>
        <div>
          <ul>
            <li
              style={
                Object {
                  "fontSize": "var(--base-font-size-large-2)",
                  "marginRight": "2%",
                }
              }
            >
              Conduct functional research and validation based on business requirements, evaluate the feasibility of implementing the requirements, and propose solutions.
            </li>
            <li
              style={
                Object {
                  "fontSize": "var(--base-font-size-large-2)",
                  "marginRight": "2%",
                }
              }
            >
              Responsible for assigning tasks and explaining project requirements to five external team members.
            </li>
          </ul>
        </div>
        <div>
          <ul
            className="achievements"
          />
        </div>
        <div
          className="projects"
        >
          <div
            className="container"
          >
            <div
              className="content"
            >
              <div>
                <span
                  className="name"
                >
                  Customer Portal
                </span>
                <span
                  style={
                    Object {
                      "fontSize": 22,
                      "marginLeft": 10,
                    }
                  }
                >
                  <div
                    className="filled tag"
                  >
                    React
                  </div>
                  <div
                    className="filled tag"
                  >
                    NextJs
                  </div>
                  <div
                    className="filled tag"
                  >
                    TDD
                  </div>
                  <div
                    className="filled tag"
                  >
                    Invoice
                  </div>
                </span>
              </div>
              <div>
                <div
                  className="times"
                >
                  <span>
                    32
                     Months
                  </span>
                </div>
              </div>
            </div>
            <div
              className="descriptions"
            >
              <div>
                This is a portal for PCCW Global's partner companies and regular users. You can purchase ports, connections, data centers, and VMs on this portal. It allows you to view details and check invoices.Furthermore, this system also supports partners to upload and develop their own SDKs, thereby presenting us with new challenges.
              </div>
            </div>
            <div>
              <ul>
                <li
                  style={
                    Object {
                      "fontSize": 16,
                    }
                  }
                >
                  <div>
                    <span
                      style={
                        Object {
                          "fontWeight": "bold",
                        }
                      }
                    >
                      The front-end architecture we chose in the early days did not support runtime environment variables, which caused a lot of trouble in our project.
                    </span>
                  </div>
                  <div
                    style={Object {}}
                  >
                    <span>
                      Based on our company's environment configuration strategies, we have updated the build progress of the production environment and created an internal npm script to perform rebuild operations related to variables when the environment variables in the production environment are updated. We have implemented runtime environment variables in our own way.
                    </span>
                  </div>
                </li>
                <li
                  style={
                    Object {
                      "fontSize": 16,
                    }
                  }
                >
                  <div>
                    <span
                      style={
                        Object {
                          "fontWeight": "bold",
                        }
                      }
                    >
                      As we support customized SDK, we need to provide a code editor in this portal that allows customers to edit and modify code themselves, while also implementing version control.
                    </span>
                  </div>
                  <div
                    style={Object {}}
                  >
                    <span>
                      After researching popular open source WebIDEs, we finally chose a project that is most suitable for us, and added some extended functions for better usability.
                    </span>
                  </div>
                </li>
              </ul>
            </div>
            <div>
              <div
                style={
                  Object {
                    "fontSize": "var(--base-font-size-middle)",
                    "fontWeight": "bold",
                  }
                }
              >
                Achievements
                :
              </div>
              <ul
                style={
                  Object {
                    "fontSize": "var(--base-font-size-middle)",
                  }
                }
              >
                <li>
                  Defined the Best practices in FE project with React and Typescript.
                  <span>
                    <div
                      className="normal tag"
                    >
                      Architecture
                    </div>
                  </span>
                </li>
                <li>
                  Setup the Front-End CI/CD with system Engineers, including the Docker building and the jest process.
                  <span>
                    <div
                      className="normal tag"
                    >
                      CI/CD
                    </div>
                    <div
                      className="normal tag"
                    >
                      Engineering
                    </div>
                  </span>
                </li>
              </ul>
            </div>
          </div>
          <div
            className="container"
          >
            <div
              className="content"
            >
              <div>
                <span
                  className="name"
                >
                  Admin Portal
                </span>
                <span
                  style={
                    Object {
                      "fontSize": 22,
                      "marginLeft": 10,
                    }
                  }
                >
                  <div
                    className="filled tag"
                  >
                    React
                  </div>
                  <div
                    className="filled tag"
                  >
                    Port
                  </div>
                  <div
                    className="filled tag"
                  >
                    Connection
                  </div>
                  <div
                    className="filled tag"
                  >
                    Data Center
                  </div>
                </span>
              </div>
              <div>
                <div
                  className="times"
                >
                  <span>
                    32
                     Months
                  </span>
                </div>
              </div>
            </div>
            <div
              className="descriptions"
            >
              <div>
                This is a front-end portal built from scratch. Its main purpose is to replace the company's original portal. Over the past 3 years, we have undertaken a significant migration effort, involving code refactoring based on existing business logic and the addition of numerous new functions not supported by the old portal. Naturally, we encountered various challenges throughout this process.
              </div>
            </div>
            <div>
              <ul>
                <li
                  style={
                    Object {
                      "fontSize": 16,
                    }
                  }
                >
                  <div>
                    <span
                      style={
                        Object {
                          "fontWeight": "bold",
                        }
                      }
                    >
                      To expedite the building of CRUD operations in the early stages of the project, and to facilitate swift testing of the data connection capabilities of the new portal, we need to determine the most efficient method.
                    </span>
                  </div>
                  <div
                    style={Object {}}
                  >
                    <span>
                      We chose a highly efficient front-end scaffolding framework, which saved us a substantial amount of unnecessary development costs during the initial phase. Additionally, we developed a front-end CRUD template, enabling us to significantly reduce redundant code.
                    </span>
                  </div>
                </li>
                <li
                  style={
                    Object {
                      "fontSize": 16,
                    }
                  }
                >
                  <div>
                    <span
                      style={
                        Object {
                          "fontWeight": "bold",
                        }
                      }
                    >
                      There are numerous functionalities that need to be integrated into the project, and multiple vendor teams are working in parallel. How can we ensure that the code quality of the project doesn't deteriorate and that subsequent continuous development isn't affected after the team handover?
                    </span>
                  </div>
                  <div
                    style={Object {}}
                  >
                    <span>
                      After an unsatisfactory project handover, we conducted an investigation into micro front-end service technology and ultimately implemented it in the project. By leveraging this technology, we are able to divide the code into separate code repositories based on modules and utilize different front-end technologies in various locations. This approach allows for independent updates to be made at any time without impacting other modules.
                    </span>
                  </div>
                </li>
                <li
                  style={
                    Object {
                      "fontSize": 16,
                    }
                  }
                >
                  <div>
                    <span
                      style={
                        Object {
                          "fontWeight": "bold",
                        }
                      }
                    >
                      We need to integrate online products from various providers and display them on our own portal. However, their interfaces lack standardization. How can we utilize a module to easily integrate all services, ensuring that products are displayed and orders can be placed normally?
                    </span>
                  </div>
                  <div
                    style={Object {}}
                  >
                    <span>
                      We use a self-developed dynamic form module to efficiently and conveniently define basic and advanced form types. This module includes the API address and data type of the drop-down options. The final online form is generated through front-end drag-and-drop configuration, making it incredibly easy to operate and modify. Users do not need to have any coding knowledge.
                    </span>
                  </div>
                </li>
              </ul>
            </div>
            <div>
              <div
                style={
                  Object {
                    "fontSize": "var(--base-font-size-middle)",
                    "fontWeight": "bold",
                  }
                }
              >
                Achievements
                :
              </div>
              <ul
                style={
                  Object {
                    "fontSize": "var(--base-font-size-middle)",
                  }
                }
              >
                <li>
                  Designed and developed low-code form modules to improve the company's efficiency in custom dynamic form releases.
                  <span>
                    <div
                      className="normal tag"
                    >
                      low-code
                    </div>
                  </span>
                </li>
                <li>
                  Used Micro Front-End Service to split code and improve the performance in FE.
                  <span>
                    <div
                      className="normal tag"
                    >
                      Performance
                    </div>
                    <div
                      className="normal tag"
                    >
                      Engineering
                    </div>
                  </span>
                </li>
                <li>
                  Designed and developed the company's Front-End UI component library.
                  <span>
                    <div
                      className="normal tag"
                    >
                      UI
                    </div>
                  </span>
                </li>
                <li>
                  Setup the utils library in FE.
                  <span>
                    <div
                      className="normal tag"
                    >
                      Engineering
                    </div>
                  </span>
                </li>
              </ul>
            </div>
          </div>
        </div>
      </div>
    </div>
    <div
      className="periodContainer"
    >
      <div
        className="timeline"
      >
        <svg
          height={165}
          width={20}
        >
          <g>
            <rect
              fill="black"
              height="10"
              width={10}
              x={0}
              y={0}
            />
            <rect
              fill="black"
              height="10"
              width={10}
              x={0}
              y={11}
            />
            <rect
              fill="black"
              height="10"
              width={10}
              x={0}
              y={22}
            />
            <rect
              fill="black"
              height="10"
              width={10}
              x={0}
              y={33}
            />
            <rect
              fill="black"
              height="10"
              width={10}
              x={0}
              y={44}
            />
            <rect
              fill="black"
              height="10"
              width={10}
              x={0}
              y={55}
            />
            <rect
              fill="black"
              height="10"
              width={10}
              x={0}
              y={66}
            />
            <rect
              fill="black"
              height="10"
              width={10}
              x={0}
              y={77}
            />
            <rect
              fill="black"
              height="10"
              width={10}
              x={0}
              y={88}
            />
            <rect
              fill="black"
              height="10"
              width={10}
              x={0}
              y={99}
            />
            <rect
              fill="black"
              height="10"
              width={10}
              x={0}
              y={110}
            />
            <rect
              fill="black"
              height="10"
              width={10}
              x={0}
              y={121}
            />
            <rect
              fill="black"
              height="10"
              width={10}
              x={0}
              y={132}
            />
            <rect
              fill="black"
              height="10"
              width={10}
              x={0}
              y={143}
            />
            <rect
              fill="black"
              height="10"
              width={10}
              x={0}
              y={154}
            />
          </g>
        </svg>
      </div>
      <div
        className="content"
      >
        <div
          className="period"
        >
          <div>
            <div
              className="header"
            >
              <div>
                <div
                  className="job"
                >
                  <span>
                    Front-End Engineer
                  </span>
                </div>
                <div
                  className="companyName"
                >
                  <div>
                    Citic Baixin Bank Co. Ltd
                  </div>
                </div>
              </div>
              <div
                className="dividerH"
              />
              <div
                style={
                  Object {
                    "fontSize": 24,
                  }
                }
              >
                <div
                  className="filled tag"
                >
                  Bank
                </div>
                <div
                  className="filled tag"
                >
                  Waterfall
                </div>
              </div>
            </div>
          </div>
          <div
            className="time"
          >
            <div
              className="times"
            >
              <span>
                Apr, 2018
              </span>
              <span
                className="divider"
              />
              <span>
                Jun, 2019
              </span>
            </div>
          </div>
        </div>
        <div>
          <div
            className="descriptionItem"
          >
            My main responsibility at Citic Baixin Bank is to collaborate with my colleagues in the development of several front-end projects, utilizing different technology stacks such as Vue and React.
          </div>
        </div>
        <div>
          <ul>
            <li
              style={
                Object {
                  "fontSize": "var(--base-font-size-large-2)",
                  "marginRight": "2%",
                }
              }
            >
              Responsible for task assignment and project requirement explanation to 5 team members.
            </li>
            <li
              style={
                Object {
                  "fontSize": "var(--base-font-size-large-2)",
                  "marginRight": "2%",
                }
              }
            >
              Provide training and guidance on technical to junior engineer.
            </li>
          </ul>
        </div>
        <div>
          <ul
            className="achievements"
          />
        </div>
        <div
          className="projects"
        >
          <div
            className="container"
          >
            <div
              className="content"
            >
              <div>
                <span
                  className="name"
                >
                  Customer Portal
                </span>
                <span
                  style={
                    Object {
                      "fontSize": 22,
                      "marginLeft": 10,
                    }
                  }
                >
                  <div
                    className="filled tag"
                  >
                    Vue
                  </div>
                  <div
                    className="filled tag"
                  >
                    Web Component
                  </div>
                  <div
                    className="filled tag"
                  >
                    Mobile
                  </div>
                </span>
              </div>
              <div>
                <div
                  className="times"
                >
                  <span>
                    14
                     Months
                  </span>
                </div>
              </div>
            </div>
            <div
              className="descriptions"
            >
              <div>
                This mobile web application caters to potential and existing customers of the company. It primarily focuses on advertising campaigns and facilitates tasks such as account opening and personal loan applications for users.
              </div>
            </div>
            <div>
              <ul>
                <li
                  style={
                    Object {
                      "fontSize": 16,
                    }
                  }
                >
                  <div>
                    <span
                      style={
                        Object {
                          "fontWeight": "bold",
                        }
                      }
                    >
                      Our front-end components are required to run in various environments simultaneously, including our company's website and our partner's website. Therefore, we need to support different front-end technology stacks.
                    </span>
                  </div>
                  <div
                    style={Object {}}
                  >
                    <span>
                      At that time, we utilized the innovative web component 3.0 to build our foundational components and address the challenge of cross-technology stacks.
                    </span>
                  </div>
                </li>
              </ul>
            </div>
          </div>
          <div
            className="container"
          >
            <div
              className="content"
            >
              <div>
                <span
                  className="name"
                >
                  Admin Portal
                </span>
                <span
                  style={
                    Object {
                      "fontSize": 22,
                      "marginLeft": 10,
                    }
                  }
                >
                  <div
                    className="filled tag"
                  >
                    Vue
                  </div>
                  <div
                    className="filled tag"
                  >
                    EChart
                  </div>
                </span>
              </div>
              <div>
                <div
                  className="times"
                >
                  <span>
                    4
                     Months
                  </span>
                </div>
              </div>
            </div>
            <div
              className="descriptions"
            >
              <div>
                This is an internal web page used by the company's operations, which can display real-time and historical data in graphs.
              </div>
            </div>
            <div>
              <ul>
                <li
                  style={
                    Object {
                      "fontSize": 16,
                    }
                  }
                >
                  <div>
                    <span
                      style={
                        Object {
                          "fontWeight": "bold",
                        }
                      }
                    >
                      How can we ensure timely data updates?
                    </span>
                  </div>
                  <div
                    style={Object {}}
                  >
                    <span>
                      We utilize WebSocket technology for real-time data push
                    </span>
                  </div>
                </li>
              </ul>
            </div>
          </div>
        </div>
      </div>
    </div>
    <div
      className="periodContainer"
    >
      <div
        className="timeline"
      >
        <svg
          height={231}
          width={20}
        >
          <g>
            <rect
              fill="#1976d2"
              height="10"
              width={10}
              x={0}
              y={0}
            />
            <rect
              fill="#1976d2"
              height="10"
              width={10}
              x={0}
              y={11}
            />
            <rect
              fill="#1976d2"
              height="10"
              width={10}
              x={0}
              y={22}
            />
            <rect
              fill="#1976d2"
              height="10"
              width={10}
              x={0}
              y={33}
            />
            <rect
              fill="#1976d2"
              height="10"
              width={10}
              x={0}
              y={44}
            />
            <rect
              fill="#1976d2"
              height="10"
              width={10}
              x={0}
              y={55}
            />
            <rect
              fill="#1976d2"
              height="10"
              width={10}
              x={0}
              y={66}
            />
            <rect
              fill="#1976d2"
              height="10"
              width={10}
              x={0}
              y={77}
            />
            <rect
              fill="#1976d2"
              height="10"
              width={10}
              x={0}
              y={88}
            />
            <rect
              fill="#1976d2"
              height="10"
              width={10}
              x={0}
              y={99}
            />
            <rect
              fill="#1976d2"
              height="10"
              width={10}
              x={0}
              y={110}
            />
            <rect
              fill="#1976d2"
              height="10"
              width={10}
              x={0}
              y={121}
            />
            <rect
              fill="#1976d2"
              height="10"
              width={10}
              x={0}
              y={132}
            />
            <rect
              fill="#1976d2"
              height="10"
              width={10}
              x={0}
              y={143}
            />
            <rect
              fill="#1976d2"
              height="10"
              width={10}
              x={0}
              y={154}
            />
            <rect
              fill="#1976d2"
              height="10"
              width={10}
              x={0}
              y={165}
            />
            <rect
              fill="#1976d2"
              height="10"
              width={10}
              x={0}
              y={176}
            />
            <rect
              fill="#1976d2"
              height="10"
              width={10}
              x={0}
              y={187}
            />
            <rect
              fill="#1976d2"
              height="10"
              width={10}
              x={0}
              y={198}
            />
            <rect
              fill="#1976d2"
              height="10"
              width={10}
              x={0}
              y={209}
            />
            <rect
              fill="#1976d2"
              height="10"
              width={10}
              x={0}
              y={220}
            />
          </g>
        </svg>
      </div>
      <div
        className="content"
      >
        <div
          className="period"
        >
          <div>
            <div
              className="header"
            >
              <div>
                <div
                  className="job"
                >
                  <span>
                    Software Engineer
                  </span>
                </div>
                <div
                  className="companyName"
                >
                  <div>
                    Yinyuan Asia-pacific Technology Co. Ltd 
                  </div>
                </div>
              </div>
              <div
                className="dividerH"
              />
              <div
                style={
                  Object {
                    "fontSize": 24,
                  }
                }
              >
                <div
                  className="filled tag"
                >
                  e-commerce
                </div>
                <div
                  className="filled tag"
                >
                  Waterfall
                </div>
              </div>
            </div>
          </div>
          <div
            className="time"
          >
            <div
              className="times"
            >
              <span>
                Jul, 2016
              </span>
              <span
                className="divider"
              />
              <span>
                Mar, 2018
              </span>
            </div>
          </div>
        </div>
        <div>
          <div
            className="descriptionItem"
          >
            I am responsible for developing API interfaces, creating front-end pages, and building Apps as part of my main role in the company.
          </div>
        </div>
        <div>
          <ul>
            <li
              style={
                Object {
                  "fontSize": "var(--base-font-size-large-2)",
                  "marginRight": "2%",
                }
              }
            >
              Participate in the design and development of all projects .
            </li>
            <li
              style={
                Object {
                  "fontSize": "var(--base-font-size-large-2)",
                  "marginRight": "2%",
                }
              }
            >
              Responsible for the release quality of all system.
            </li>
            <li
              style={
                Object {
                  "fontSize": "var(--base-font-size-large-2)",
                  "marginRight": "2%",
                }
              }
            >
              Responsible for team's recruitment, technical training(ES6), etc.
            </li>
            <li
              style={
                Object {
                  "fontSize": "var(--base-font-size-large-2)",
                  "marginRight": "2%",
                }
              }
            >
              Take charge of annual feature planning and appraise performance of each team member.
            </li>
          </ul>
        </div>
        <div>
          <ul
            className="achievements"
          />
        </div>
        <div
          className="projects"
        >
          <div
            className="container"
          >
            <div
              className="content"
            >
              <div>
                <span
                  className="name"
                >
                  Customer Portal
                </span>
                <span
                  style={
                    Object {
                      "fontSize": 22,
                      "marginLeft": 10,
                    }
                  }
                >
                  <div
                    className="filled tag"
                  >
                    Java
                  </div>
                  <div
                    className="filled tag"
                  >
                    jQuery
                  </div>
                  <div
                    className="filled tag"
                  >
                    Mobile
                  </div>
                </span>
              </div>
              <div>
                <div
                  className="times"
                >
                  <span>
                    20
                     Months
                  </span>
                </div>
              </div>
            </div>
            <div
              className="descriptions"
            >
              <div>
                This is an online shopping website that offers common functionalities such as product browsing, adding items to the shopping cart, and online payment processing.
              </div>
            </div>
            <div>
              <ul>
                <li
                  style={
                    Object {
                      "fontSize": 16,
                    }
                  }
                >
                  <div>
                    <span
                      style={
                        Object {
                          "fontWeight": "bold",
                        }
                      }
                    >
                      There are several similar CRUD codes that need to be implemented in the backend interface.
                    </span>
                  </div>
                  <div
                    style={Object {}}
                  >
                    <span>
                      I used shell scripts to enhance the development efficiency of CRUD (Create, Read, Update, Delete) classes.
                    </span>
                  </div>
                </li>
                <li
                  style={
                    Object {
                      "fontSize": 16,
                    }
                  }
                >
                  <div>
                    <span
                      style={
                        Object {
                          "fontWeight": "bold",
                        }
                      }
                    >
                      In the front-end, the concept of components is not present. As a result, the HTML code often includes a lot of duplication, as it is structured based on the logic of each individual page.
                    </span>
                  </div>
                  <div
                    style={Object {}}
                  >
                    <span>
                      Our plugin technology, based on jQuery, effectively combines various commonly used form libraries. This approach significantly minimizes the need for repetitive code.
                    </span>
                  </div>
                </li>
              </ul>
            </div>
            <div>
              <div
                style={
                  Object {
                    "fontSize": "var(--base-font-size-middle)",
                    "fontWeight": "bold",
                  }
                }
              >
                Achievements
                :
              </div>
              <ul
                style={
                  Object {
                    "fontSize": "var(--base-font-size-middle)",
                  }
                }
              >
                <li>
                  Completed the design and development of the company's Front-End UI component library.
                  <span>
                    <div
                      className="normal tag"
                    >
                      UI
                    </div>
                  </span>
                </li>
              </ul>
            </div>
          </div>
          <div
            className="container"
          >
            <div
              className="content"
            >
              <div>
                <span
                  className="name"
                >
                  Mobile App
                </span>
                <span
                  style={
                    Object {
                      "fontSize": 22,
                      "marginLeft": 10,
                    }
                  }
                >
                  <div
                    className="filled tag"
                  >
                    React Native
                  </div>
                  <div
                    className="filled tag"
                  >
                    Mobile
                  </div>
                </span>
              </div>
              <div>
                <div
                  className="times"
                >
                  <span>
                    7
                     Months
                  </span>
                </div>
              </div>
            </div>
            <div
              className="descriptions"
            >
              <div>
                This mobile app is designed to assist teachers and parents with various functions. It is capable of providing online course selection support, managing class appointments, and facilitating homework uploads, among other features.
              </div>
            </div>
            <div>
              <ul>
                <li
                  style={
                    Object {
                      "fontSize": 16,
                    }
                  }
                >
                  <div>
                    <span
                      style={
                        Object {
                          "fontWeight": "bold",
                        }
                      }
                    >
                      React native has performance issues when rendering large lists of data.
                    </span>
                  </div>
                  <div
                    style={Object {}}
                  >
                    <span>
                      We utilize virtual list technology to address the challenge of handling large volumes of data.
                    </span>
                  </div>
                </li>
              </ul>
            </div>
          </div>
        </div>
      </div>
    </div>
    <div
      className="periodContainer"
    >
      <div
        className="timeline"
      >
        <svg
          height={143}
          width={20}
        >
          <g>
            <rect
              fill="black"
              height="10"
              width={10}
              x={0}
              y={0}
            />
            <rect
              fill="black"
              height="10"
              width={10}
              x={0}
              y={11}
            />
            <rect
              fill="black"
              height="10"
              width={10}
              x={0}
              y={22}
            />
            <rect
              fill="black"
              height="10"
              width={10}
              x={0}
              y={33}
            />
            <rect
              fill="black"
              height="10"
              width={10}
              x={0}
              y={44}
            />
            <rect
              fill="black"
              height="10"
              width={10}
              x={0}
              y={55}
            />
            <rect
              fill="black"
              height="10"
              width={10}
              x={0}
              y={66}
            />
            <rect
              fill="black"
              height="10"
              width={10}
              x={0}
              y={77}
            />
            <rect
              fill="black"
              height="10"
              width={10}
              x={0}
              y={88}
            />
            <rect
              fill="black"
              height="10"
              width={10}
              x={0}
              y={99}
            />
            <rect
              fill="black"
              height="10"
              width={10}
              x={0}
              y={110}
            />
            <rect
              fill="black"
              height="10"
              width={10}
              x={0}
              y={121}
            />
            <rect
              fill="black"
              height="10"
              width={10}
              x={0}
              y={132}
            />
          </g>
        </svg>
      </div>
      <div
        className="content"
      >
        <div
          className="period"
        >
          <div>
            <div
              className="header"
            >
              <div>
                <div
                  className="job"
                >
                  <span>
                    Software Engineer
                  </span>
                </div>
                <div
                  className="companyName"
                >
                  <div>
                    Taiji Computer Corporation. Ltd
                  </div>
                </div>
              </div>
              <div
                className="dividerH"
              />
              <div
                style={
                  Object {
                    "fontSize": 24,
                  }
                }
              >
                <div
                  className="filled tag"
                >
                  IT
                </div>
                <div
                  className="filled tag"
                >
                  Waterfall
                </div>
              </div>
            </div>
          </div>
          <div
            className="time"
          >
            <div
              className="times"
            >
              <span>
                Jul, 2015
              </span>
              <span
                className="divider"
              />
              <span>
                Jul, 2016
              </span>
            </div>
          </div>
        </div>
        <div>
          <div
            className="descriptionItem"
          >
            I primarily work on developing the backend interface using Java, and I use jQuery for front-end page development.
          </div>
        </div>
        <div>
          <ul>
            <li
              style={
                Object {
                  "fontSize": "var(--base-font-size-large-2)",
                  "marginRight": "2%",
                }
              }
            >
              Using Java to develop a system according to the planned schedule.
            </li>
            <li
              style={
                Object {
                  "fontSize": "var(--base-font-size-large-2)",
                  "marginRight": "2%",
                }
              }
            >
              I have participated in the design and development of an economic data report project.
            </li>
          </ul>
        </div>
        <div>
          <div
            style={
              Object {
                "fontSize": "var(--base-font-size-middle)",
                "fontWeight": "bold",
              }
            }
          >
            Achievements
            :
          </div>
          <ul
            className="achievements"
          >
            <li>
              Used Spring-boot and Kendo-UI to build the the basic configuration of common project.
              <span>
                <div
                  className="normal tag"
                >
                  Java
                </div>
              </span>
            </li>
            <li>
              Abstracted 10+ components to unify UI style, including table, form input, file upload, etc.
              <span>
                <div
                  className="normal tag"
                >
                  UI
                </div>
              </span>
            </li>
          </ul>
        </div>
        <div
          className="projects"
        />
      </div>
    </div>
  </section>
  <div
    className="divider"
  >
    <div>
      <div
        className="title"
      >
        Education
      </div>
    </div>
    <div
      className="section"
    />
  </div>
  <section>
    <div
      className="education"
    >
      <div>
        <span>
          China Agricultural University
        </span>
      </div>
      <div>
        <div
          className="filled tag"
        >
          Resources and Environment
        </div>
        <div
          className="less tag"
        >
          BACHELOR
        </div>
      </div>
      <div
        className="times"
      >
        <span>
          Sep, 2008
        </span>
        <span
          className="divider"
        />
        <span>
          Jul, 2012
        </span>
      </div>
    </div>
    <div
      className="education"
    >
      <div>
        <span>
          China Agricultural University
        </span>
      </div>
      <div>
        <div
          className="filled tag"
        >
          Land Utilization and Information Technology
        </div>
        <div
          className="less tag"
        >
          MASTER
        </div>
      </div>
      <div
        className="times"
      >
        <span>
          Sep, 2012
        </span>
        <span
          className="divider"
        />
        <span>
          Jul, 2015
        </span>
      </div>
    </div>
  </section>
</div>
`;
